
> build
> react-router build

vite v6.4.1 building for production...
transforming...
✓ 1093 modules transformed.
✗ Build failed in 2.62s
[vite]: Rollup failed to resolve import "@remix-run/react" from "/Users/joshuakay/cartboost/app/routes/app.tsx".
This is most likely unintended because it can break your application at runtime.
If you do want to externalize this module explicitly add it to
`build.rollupOptions.external`
    at viteLog (file:///Users/joshuakay/cartboost/node_modules/vite/dist/node/chunks/dep-D4NMHUTW.js:46374:15)
    at file:///Users/joshuakay/cartboost/node_modules/vite/dist/node/chunks/dep-D4NMHUTW.js:46432:18
    at onwarn (/Users/joshuakay/cartboost/node_modules/@react-router/dev/dist/cli/index.js:1659:11)
    at file:///Users/joshuakay/cartboost/node_modules/vite/dist/node/chunks/dep-D4NMHUTW.js:46430:7
    at onRollupLog (file:///Users/joshuakay/cartboost/node_modules/vite/dist/node/chunks/dep-D4NMHUTW.js:46422:5)
    at onLog (file:///Users/joshuakay/cartboost/node_modules/vite/dist/node/chunks/dep-D4NMHUTW.js:46072:7)
    at file:///Users/joshuakay/cartboost/node_modules/rollup/dist/es/shared/node-entry.js:20958:32
    at Object.logger [as onLog] (file:///Users/joshuakay/cartboost/node_modules/rollup/dist/es/shared/node-entry.js:22945:9)
    at ModuleLoader.handleInvalidResolvedId (file:///Users/joshuakay/cartboost/node_modules/rollup/dist/es/shared/node-entry.js:21689:26)
    at file:///Users/joshuakay/cartboost/node_modules/rollup/dist/es/shared/node-entry.js:21647:26 {
  watchFiles: [
    '/Users/joshuakay/cartboost/app/root.tsx',
    '/Users/joshuakay/cartboost/app/routes/webhooks.app.scopes_update.tsx',
    '/Users/joshuakay/cartboost/app/routes/webhooks.app.uninstalled.tsx',
    '/Users/joshuakay/cartboost/app/routes/auth.login/route.tsx',
    '/Users/joshuakay/cartboost/app/routes/auth.$.tsx',
    '/Users/joshuakay/cartboost/app/routes/_index/route.tsx',
    '/Users/joshuakay/cartboost/app/routes/app.additional.tsx',
    '/Users/joshuakay/cartboost/app/routes/app.tsx',
    '/Users/joshuakay/cartboost/app/routes/app._index.tsx',
    '/Users/joshuakay/cartboost/node_modules/@react-router/dev/dist/config/defaults/entry.client.tsx',
    '/Users/joshuakay/cartboost/node_modules/react/index.js',
    '/Users/joshuakay/cartboost/node_modules/react-dom/client.js',
    '/Users/joshuakay/cartboost/node_modules/react/jsx-runtime.js',
    '/Users/joshuakay/cartboost/node_modules/react-router/dist/development/dom-export.mjs',
    '/Users/joshuakay/cartboost/package.json',
    '/Users/joshuakay/cartboost/node_modules/react/cjs/react.production.min.js',
    '/Users/joshuakay/cartboost/node_modules/react-router/dist/development/chunk-4LKRSAEJ.mjs',
    '/Users/joshuakay/cartboost/node_modules/react-dom/index.js',
    '/Users/joshuakay/cartboost/node_modules/react/cjs/react-jsx-runtime.production.min.js',
    '/Users/joshuakay/cartboost/node_modules/react-router/dist/development/chunk-JZWAC4HX.mjs',
    '/Users/joshuakay/cartboost/node_modules/react-dom/cjs/react-dom.production.min.js',
    '/Users/joshuakay/cartboost/app/routes/_index/styles.module.css',
    '/Users/joshuakay/cartboost/node_modules/react-router/node_modules/cookie/dist/index.js',
    '/Users/joshuakay/cartboost/node_modules/set-cookie-parser/lib/set-cookie.js',
    '/Users/joshuakay/cartboost/node_modules/scheduler/index.js',
    '/Users/joshuakay/cartboost/node_modules/scheduler/cjs/scheduler.production.min.js',
    '/Users/joshuakay/cartboost/node_modules/react-router/dist/development/index.mjs',
    '/Users/joshuakay/cartboost/node_modules/@shopify/app-bridge-react/build/esm/index.js',
    '/Users/joshuakay/cartboost/node_modules/@shopify/shopify-app-react-router/dist/esm/react/index.mjs',
    '/Users/joshuakay/cartboost/node_modules/@shopify/polaris/build/esm/index.js',
    '/Users/joshuakay/cartboost/node_modules/@shopify/app-bridge-react/build/esm/components/SaveBar.js',
    '/Users/joshuakay/cartboost/node_modules/@shopify/app-bridge-react/build/esm/components/TitleBar.js',
    '/Users/joshuakay/cartboost/node_modules/@shopify/app-bridge-react/build/esm/components/NavMenu.js',
    '/Users/joshuakay/cartboost/node_modules/@shopify/app-bridge-react/build/esm/hooks/useAppBridge.js',
    '/Users/joshuakay/cartboost/node_modules/@shopify/app-bridge-react/build/esm/components/Modal.js',
    '/Users/joshuakay/cartboost/node_modules/@shopify/shopify-app-react-router/dist/esm/react/components/AppProvider/AppProvider.mjs',
    '/Users/joshuakay/cartboost/node_modules/@shopify/shopify-app-react-router/dist/esm/react/components/AppProxyLink/AppProxyLink.mjs',
    '/Users/joshuakay/cartboost/node_modules/@shopify/shopify-app-react-router/dist/esm/react/components/AppProxyProvider/AppProxyProvider.mjs',
    '/Users/joshuakay/cartboost/node_modules/@shopify/polaris/build/esm/types.js',
    '/Users/joshuakay/cartboost/node_modules/@shopify/polaris/build/esm/configure.js',
    '/Users/joshuakay/cartboost/node_modules/@shopify/polaris/build/esm/utilities/color-transformers.js',
    '/Users/joshuakay/cartboost/node_modules/@shopify/polaris/build/esm/components/shared.js',
    '/Users/joshuakay/cartboost/node_modules/@shopify/polaris/build/esm/components/ThemeProvider/ThemeProvider.js',
    '/Users/joshuakay/cartboost/node_modules/@shopify/polaris/build/esm/utilities/use-copy-to-clipboard.js',
    '/Users/joshuakay/cartboost/node_modules/@shopify/polaris/build/esm/utilities/within-content-context.js',
    '/Users/joshuakay/cartboost/node_modules/@shopify/polaris/build/esm/utilities/use-event-listener.js',
    '/Users/joshuakay/cartboost/node_modules/@shopify/polaris/build/esm/utilities/use-focus.js',
    '/Users/joshuakay/cartboost/node_modules/@shopify/polaris/build/esm/utilities/use-hover.js',
    '/Users/joshuakay/cartboost/node_modules/@shopify/polaris/build/esm/utilities/use-media-query.js',
    '/Users/joshuakay/cartboost/node_modules/@shopify/polaris/build/esm/utilities/use-theme.js',
    '/Users/joshuakay/cartboost/node_modules/@shopify/polaris/build/esm/utilities/use-index-resource-state.js',
    '/Users/joshuakay/cartboost/node_modules/@shopify/polaris/build/esm/utilities/breakpoints.js',
    '/Users/joshuakay/cartboost/node_modules/@shopify/polaris/build/esm/components/AppProvider/AppProvider.js',
    '/Users/joshuakay/cartboost/node_modules/@shopify/polaris/build/esm/components/ActionList/ActionList.js',
    '/Users/joshuakay/cartboost/node_modules/@shopify/polaris/build/esm/components/AccountConnection/AccountConnection.js',
    '/Users/joshuakay/cartboost/node_modules/@shopify/polaris/build/esm/components/Autocomplete/Autocomplete.js',
    '/Users/joshuakay/cartboost/node_modules/@shopify/polaris/build/esm/components/Backdrop/Backdrop.js',
    '/Users/joshuakay/cartboost/node_modules/@shopify/polaris/build/esm/components/Avatar/Avatar.js',
    '/Users/joshuakay/cartboost/node_modules/@shopify/polaris/build/esm/components/Badge/Badge.js',
    '/Users/joshuakay/cartboost/node_modules/@shopify/polaris/build/esm/components/Badge/types.js',
    '/Users/joshuakay/cartboost/node_modules/@shopify/polaris/build/esm/components/Banner/Banner.js',
    '/Users/joshuakay/cartboost/node_modules/@shopify/polaris/build/esm/components/Breadcrumbs/Breadcrumbs.js',
    '/Users/joshuakay/cartboost/node_modules/@shopify/polaris/build/esm/components/Bleed/Bleed.js',
    '/Users/joshuakay/cartboost/node_modules/@shopify/polaris/build/esm/components/BulkActions/BulkActions.js',
    '/Users/joshuakay/cartboost/node_modules/@shopify/polaris/build/esm/components/Box/Box.js',
    '/Users/joshuakay/cartboost/node_modules/@shopify/polaris/build/esm/components/ActionMenu/ActionMenu.js',
    '/Users/joshuakay/cartboost/node_modules/@shopify/polaris/build/esm/components/Button/utils.js',
    '/Users/joshuakay/cartboost/node_modules/@shopify/polaris/build/esm/components/Button/Button.js',
    '/Users/joshuakay/cartboost/node_modules/@shopify/polaris/build/esm/components/CalloutCard/CalloutCard.js',
    '/Users/joshuakay/cartboost/node_modules/@shopify/polaris/build/esm/components/ButtonGroup/ButtonGroup.js',
    '/Users/joshuakay/cartboost/node_modules/@shopify/polaris/build/esm/components/Card/Card.js',
    '/Users/joshuakay/cartboost/node_modules/@shopify/polaris/build/esm/components/Collapsible/Collapsible.js',
    '/Users/joshuakay/cartboost/node_modules/@shopify/polaris/build/esm/components/Checkbox/Checkbox.js',
    '/Users/joshuakay/cartboost/node_modules/@shopify/polaris/build/esm/components/ChoiceList/ChoiceList.js',
    '/Users/joshuakay/cartboost/node_modules/@shopify/polaris/build/esm/components/ColorPicker/ColorPicker.js',
    '/Users/joshuakay/cartboost/node_modules/@shopify/polaris/build/esm/components/Combobox/Combobox.js',
    '/Users/joshuakay/cartboost/node_modules/@shopify/polaris/build/esm/components/InlineGrid/InlineGrid.js',
    '/Users/joshuakay/cartboost/node_modules/@shopify/polaris/build/esm/components/Connected/Connected.js',
    '/Users/joshuakay/cartboost/node_modules/@shopify/polaris/build/esm/components/ContextualSaveBar/ContextualSaveBar.js',
    '/Users/joshuakay/cartboost/node_modules/@shopify/polaris/build/esm/components/DataTable/DataTable.js',
    '/Users/joshuakay/cartboost/node_modules/@shopify/polaris/build/esm/components/Divider/Divider.js',
    '/Users/joshuakay/cartboost/node_modules/@shopify/polaris/build/esm/components/DescriptionList/DescriptionList.js',
    '/Users/joshuakay/cartboost/node_modules/@shopify/polaris/build/esm/components/DropZone/DropZone.js',
    '/Users/joshuakay/cartboost/node_modules/@shopify/polaris/build/esm/components/DatePicker/DatePicker.js',
    '/Users/joshuakay/cartboost/node_modules/@shopify/polaris/build/esm/components/EventListener/EventListener.js',
    '/Users/joshuakay/cartboost/node_modules/@shopify/polaris/build/esm/components/EmptyState/EmptyState.js',
    '/Users/joshuakay/cartboost/node_modules/@shopify/polaris/build/esm/components/ExceptionList/ExceptionList.js',
    '/Users/joshuakay/cartboost/node_modules/@shopify/polaris/build/esm/components/EmptySearchResult/EmptySearchResult.js',
    '/Users/joshuakay/cartboost/node_modules/@shopify/polaris/build/esm/components/Filters/Filters.js',
    '/Users/joshuakay/cartboost/node_modules/@shopify/polaris/build/esm/components/Form/Form.js',
    '/Users/joshuakay/cartboost/node_modules/@shopify/polaris/build/esm/components/FooterHelp/FooterHelp.js',
    '/Users/joshuakay/cartboost/node_modules/@shopify/polaris/build/esm/components/Focus/Focus.js',
    '/Users/joshuakay/cartboost/node_modules/@shopify/polaris/build/esm/components/FullscreenBar/FullscreenBar.js',
    '/Users/joshuakay/cartboost/node_modules/@shopify/polaris/build/esm/components/Frame/Frame.js',
    '/Users/joshuakay/cartboost/node_modules/@shopify/polaris/build/esm/components/Frame/components/Toast/Toast.js',
    '/Users/joshuakay/cartboost/node_modules/@shopify/polaris/build/esm/components/Grid/Grid.js',
    '/Users/joshuakay/cartboost/node_modules/@shopify/polaris/build/esm/components/IndexFilters/IndexFilters.js',
    '/Users/joshuakay/cartboost/node_modules/@shopify/polaris/build/esm/components/Image/Image.js',
    '/Users/joshuakay/cartboost/node_modules/@shopify/polaris/build/esm/components/Icon/Icon.js',
    '/Users/joshuakay/cartboost/node_modules/@shopify/polaris/build/esm/components/Indicator/Indicator.js',
    ... 966 more items
  ]
}
